  anti-cheat: verified (detectors caught the planted seeds)
Ratchet run — base branch `main`, stack `rust`

── iteration 1: T-00.01  Scaffold Cargo binary crate
  [✓] integrity
  [✓] checker
  [✓] compile
  [✓] test
  [✓] mutation
  ✓ done (diff aac8ad2c)

── iteration 2: T-00.02  Define error type
  [✓] integrity
  [✓] checker
  [✓] compile
  [✓] test
  [✓] mutation
  ✓ done (diff 794849e1)

── iteration 3: T-00.03  Define CLI parser
  [✓] integrity
  [✓] checker
  [✓] compile
  [✗] test
  · system: init
  · [tool: Read]
  · [tool result]
  · [tool: Bash]
  · [tool result]
  · [tool: Read]
  · [tool result]
  · [tool: Read]
  · [tool result]
  · system: thinking_tokens
  · system: thinking_tokens
  · [tool: Read]
  · [tool result]
  · system: thinking_tokens
  · system: thinking_tokens
  · system: thinking_tokens
  · system: thinking_tokens
  · system: thinking_tokens
  · system: thinking_tokens
  · system: thinking_tokens
  · system: thinking_tokens
  · The library parser is complete and correct (C1–C4 pass). The only gap is `main.rs` is an empty stub, so the real binary exits 0 for any args — failing C5. I'll route a parse failure to a non-zero exit with usage on stderr.
  · [tool: Write]
  · [tool result]
  · [tool: Bash]
  · [tool result]
  · [tool: Bash]
  · [tool result]
  · Exits non-zero with "usage" on stderr. The fix is minimal: `main.rs` now feeds argv to `mend::parse` and, only on the `Usage` variant, prints the message plus the `USAGE` line to stderr and exits 1. Valid commands still exit 0. C1–C4 were already green via the library parser, which is unchanged.
  · result: success (9 turns, $0.5307)
  [✓] integrity
  [✓] checker
  [✓] compile
  [✓] test
  [✓] mutation
  ✗ failed at tamper
  · report written: ./.ratchet/reports/run-1781102837679.md

⚠ halted after 3 iterations: tamper at T-00.03: claimed Done carries a failed gate: test (a green cannot coexist with a failed gate)
ratchet: config error: run halted: tamper at T-00.03: claimed Done carries a failed gate: test (a green cannot coexist with a failed gate)
