  anti-cheat: verified (detectors caught the planted seeds)
Ratchet run — base branch `main`, stack `rust`

── iteration 1: T-07.01  Run explain command
  · system: init
  · system: thinking_tokens
  · system: thinking_tokens
  · I'll start by reading the project constitution and understanding the task structure.
  · [tool: Bash]
  · [tool result]
  · I'll explore the project structure and find the task definition.
  · [tool: Bash]
  · [tool result]
  · [tool: Bash]
  · [tool result]
  · system: thinking_tokens
  · system: thinking_tokens
  · Now let me find the T-07.01 task definition and read the relevant existing source files.
  · [tool: Bash]
  · [tool result]
  · [tool: Bash]
  · [tool result]
  · Now let me read the key dependency source files: context.rs, prompt.rs, dispatch.rs, config.rs, and the completer/mock.
  · [tool: Bash]
  · [tool result]
  · system: thinking_tokens
  · system: thinking_tokens
  · system: thinking_tokens
  · Let me read the remaining relevant source files and a couple of test files to learn conventions.
  · [tool: Bash]
  · [tool result]
  · system: thinking_tokens
  · system: thinking_tokens
  · system: thinking_tokens
  · Let me examine existing test files to match conventions, especially ones involving the Completer and command flow.
  · [tool: Bash]
  · [tool result]
  · system: thinking_tokens
  · system: thinking_tokens
  · The tests use a "probe" harness pattern. Let me read the full dispatch_output test to replicate the harness precisely.
  · [tool: Bash]
  · [tool result]
  · system: thinking_tokens
  · system: thinking_tokens
  · system: thinking_tokens
  · system: thinking_tokens
  · system: thinking_tokens
  · Let me read main.rs and check how other tests reference completers, plus the completer test.
  · [tool: Bash]
  · [tool result]
  · system: thinking_tokens
  · system: thinking_tokens
  · system: thinking_tokens
  · system: thinking_tokens
  · system: thinking_tokens
  · system: thinking_tokens
  · system: thinking_tokens
  · system: thinking_tokens
  · system: thinking_tokens
  · system: thinking_tokens
  · system: thinking_tokens
